     1                                  bits 32                                                                                         
     2                                  global start        
     3                                  extern exit               
     4                                  import exit msvcrt.dll  
     5                                                             
     6                                  
     7                                  ;our data is declared here                           
     8                                  segment data use32 class=data
     9 00000000 03                          a db 3
    10 00000001 0200                        e dw 2
    11 00000003 0300                        f dw 3
    12                                  
    13                                      ;our code starts here
    14                                  segment code use32 class=code
    15                                      start:
    16                                          
    17                                          ;a*a-(e+f)
    18                                  
    19 00000000 A0[00000000]                    mov AL, [a]
    20 00000005 8A1D[00000000]                  mov BL, [a]
    21 0000000B F6E3                            mul BL          ; AX= a*a
    22                                          
    23                                          
    24 0000000D 668B1D[01000000]                mov BX, [e]
    25 00000014 66031D[03000000]                add BX, [f]     ;BL= a+d
    26                                          
    27 0000001B 6629D8                          sub AX, BX  ;AL= a*a-(e+f)
    28                                          
    29                                          
    30                                          
    31                                          
    32 0000001E 6A00                            push    dword 0      ; push the parameter for exit onto the stack
    33 00000020 FF15[00000000]                  call    [exit]       ; call exit to terminate the program
    34                                  
